Archive member included to satisfy reference by file (symbol)

c:/progra~2/gnuarm~1/102021~1.10/bin/../lib/gcc/arm-none-eabi/10.3.1/thumb/v7e-m/nofp\libgcc.a(_aeabi_uldivmod.o)
                              CMakeFiles/4_1_OLDE.elf.dir/Drivers/STM32F4xx_HAL_Driver/Src/stm32f4xx_hal_rcc.c.obj (__aeabi_uldivmod)
c:/progra~2/gnuarm~1/102021~1.10/bin/../lib/gcc/arm-none-eabi/10.3.1/thumb/v7e-m/nofp\libgcc.a(_udivmoddi4.o)
                              c:/progra~2/gnuarm~1/102021~1.10/bin/../lib/gcc/arm-none-eabi/10.3.1/thumb/v7e-m/nofp\libgcc.a(_aeabi_uldivmod.o) (__udivmoddi4)
c:/progra~2/gnuarm~1/102021~1.10/bin/../lib/gcc/arm-none-eabi/10.3.1/thumb/v7e-m/nofp\libgcc.a(_dvmd_tls.o)
                              c:/progra~2/gnuarm~1/102021~1.10/bin/../lib/gcc/arm-none-eabi/10.3.1/thumb/v7e-m/nofp\libgcc.a(_aeabi_uldivmod.o) (__aeabi_ldiv0)
c:/progra~2/gnuarm~1/102021~1.10/bin/../lib/gcc/arm-none-eabi/10.3.1/../../../../arm-none-eabi/lib/thumb/v7e-m/nofp\libg.a(lib_a-errno.o)
                              CMakeFiles/4_1_OLDE.elf.dir/Core/Src/syscalls.c.obj (__errno)
c:/progra~2/gnuarm~1/102021~1.10/bin/../lib/gcc/arm-none-eabi/10.3.1/../../../../arm-none-eabi/lib/thumb/v7e-m/nofp\libg.a(lib_a-exit.o)
                              c:/progra~2/gnuarm~1/102021~1.10/bin/../lib/gcc/arm-none-eabi/10.3.1/../../../../arm-none-eabi/lib/thumb/v7e-m/nofp/crt0.o (exit)
c:/progra~2/gnuarm~1/102021~1.10/bin/../lib/gcc/arm-none-eabi/10.3.1/../../../../arm-none-eabi/lib/thumb/v7e-m/nofp\libg.a(lib_a-impure.o)
                              c:/progra~2/gnuarm~1/102021~1.10/bin/../lib/gcc/arm-none-eabi/10.3.1/../../../../arm-none-eabi/lib/thumb/v7e-m/nofp\libg.a(lib_a-exit.o) (_global_impure_ptr)
c:/progra~2/gnuarm~1/102021~1.10/bin/../lib/gcc/arm-none-eabi/10.3.1/../../../../arm-none-eabi/lib/thumb/v7e-m/nofp\libg.a(lib_a-init.o)
                              c:/progra~2/gnuarm~1/102021~1.10/bin/../lib/gcc/arm-none-eabi/10.3.1/../../../../arm-none-eabi/lib/thumb/v7e-m/nofp/crt0.o (__libc_init_array)
c:/progra~2/gnuarm~1/102021~1.10/bin/../lib/gcc/arm-none-eabi/10.3.1/../../../../arm-none-eabi/lib/thumb/v7e-m/nofp\libg.a(lib_a-memset.o)
                              c:/progra~2/gnuarm~1/102021~1.10/bin/../lib/gcc/arm-none-eabi/10.3.1/../../../../arm-none-eabi/lib/thumb/v7e-m/nofp/crt0.o (memset)
c:/progra~2/gnuarm~1/102021~1.10/bin/../lib/gcc/arm-none-eabi/10.3.1/../../../../arm-none-eabi/lib/thumb/v7e-m/nofp\libg.a(lib_a-__call_atexit.o)
                              c:/progra~2/gnuarm~1/102021~1.10/bin/../lib/gcc/arm-none-eabi/10.3.1/../../../../arm-none-eabi/lib/thumb/v7e-m/nofp\libg.a(lib_a-exit.o) (__call_exitprocs)
c:/progra~2/gnuarm~1/102021~1.10/bin/../lib/gcc/arm-none-eabi/10.3.1/../../../../arm-none-eabi/lib/thumb/v7e-m/nofp\libg.a(lib_a-atexit.o)
                              c:/progra~2/gnuarm~1/102021~1.10/bin/../lib/gcc/arm-none-eabi/10.3.1/../../../../arm-none-eabi/lib/thumb/v7e-m/nofp\libg.a(lib_a-__call_atexit.o) (atexit)
c:/progra~2/gnuarm~1/102021~1.10/bin/../lib/gcc/arm-none-eabi/10.3.1/../../../../arm-none-eabi/lib/thumb/v7e-m/nofp\libg.a(lib_a-fini.o)
                              c:/progra~2/gnuarm~1/102021~1.10/bin/../lib/gcc/arm-none-eabi/10.3.1/../../../../arm-none-eabi/lib/thumb/v7e-m/nofp\libg.a(lib_a-__call_atexit.o) (__libc_fini_array)
c:/progra~2/gnuarm~1/102021~1.10/bin/../lib/gcc/arm-none-eabi/10.3.1/../../../../arm-none-eabi/lib/thumb/v7e-m/nofp\libg.a(lib_a-lock.o)
                              c:/progra~2/gnuarm~1/102021~1.10/bin/../lib/gcc/arm-none-eabi/10.3.1/../../../../arm-none-eabi/lib/thumb/v7e-m/nofp\libg.a(lib_a-__call_atexit.o) (__retarget_lock_acquire_recursive)
c:/progra~2/gnuarm~1/102021~1.10/bin/../lib/gcc/arm-none-eabi/10.3.1/../../../../arm-none-eabi/lib/thumb/v7e-m/nofp\libg.a(lib_a-__atexit.o)
                              c:/progra~2/gnuarm~1/102021~1.10/bin/../lib/gcc/arm-none-eabi/10.3.1/../../../../arm-none-eabi/lib/thumb/v7e-m/nofp\libg.a(lib_a-atexit.o) (__register_exitproc)

Discarded input sections

 .text          0x00000000        0x0 c:/progra~2/gnuarm~1/102021~1.10/bin/../lib/gcc/arm-none-eabi/10.3.1/thumb/v7e-m/nofp/crti.o
 .data          0x00000000        0x0 c:/progra~2/gnuarm~1/102021~1.10/bin/../lib/gcc/arm-none-eabi/10.3.1/thumb/v7e-m/nofp/crti.o
 .bss           0x00000000        0x0 c:/progra~2/gnuarm~1/102021~1.10/bin/../lib/gcc/arm-none-eabi/10.3.1/thumb/v7e-m/nofp/crti.o
 .data          0x00000000        0x4 c:/progra~2/gnuarm~1/102021~1.10/bin/../lib/gcc/arm-none-eabi/10.3.1/thumb/v7e-m/nofp/crtbegin.o
 .rodata        0x00000000       0x24 c:/progra~2/gnuarm~1/102021~1.10/bin/../lib/gcc/arm-none-eabi/10.3.1/thumb/v7e-m/nofp/crtbegin.o
 .text          0x00000000       0x7c c:/progra~2/gnuarm~1/102021~1.10/bin/../lib/gcc/arm-none-eabi/10.3.1/../../../../arm-none-eabi/lib/thumb/v7e-m/nofp/crt0.o
 .data          0x00000000        0x0 c:/progra~2/gnuarm~1/102021~1.10/bin/../lib/gcc/arm-none-eabi/10.3.1/../../../../arm-none-eabi/lib/thumb/v7e-m/nofp/crt0.o
[...]
Memory Configuration

Name             Origin             Length             Attributes
CCMRAM           0x10000000         0x00010000         xrw
RAM              0x20000000         0x00020000         xrw
FLASH            0x08000000         0x00100000         xr
*default*        0x00000000         0xffffffff

Linker script and memory map

LOAD c:/progra~2/gnuarm~1/102021~1.10/bin/../lib/gcc/arm-none-eabi/10.3.1/thumb/v7e-m/nofp/crti.o
LOAD c:/progra~2/gnuarm~1/102021~1.10/bin/../lib/gcc/arm-none-eabi/10.3.1/thumb/v7e-m/nofp/crtbegin.o
LOAD c:/progra~2/gnuarm~1/102021~1.10/bin/../lib/gcc/arm-none-eabi/10.3.1/../../../../arm-none-eabi/lib/thumb/v7e-m/nofp/crt0.o
LOAD CMakeFiles/4_1_OLDE.elf.dir/Core/Src/gpio.c.obj
LOAD CMakeFiles/4_1_OLDE.elf.dir/Core/Src/i2c.c.obj
LOAD CMakeFiles/4_1_OLDE.elf.dir/Core/Src/main.c.obj
LOAD CMakeFiles/4_1_OLDE.elf.dir/Core/Src/stm32f4xx_hal_msp.c.obj
LOAD CMakeFiles/4_1_OLDE.elf.dir/Core/Src/stm32f4xx_it.c.obj
LOAD CMakeFiles/4_1_OLDE.elf.dir/Core/Src/syscalls.c.obj
LOAD CMakeFiles/4_1_OLDE.elf.dir/Core/Src/sysmem.c.obj
LOAD CMakeFiles/4_1_OLDE.elf.dir/Core/Src/system_stm32f4xx.c.obj
LOAD CMakeFiles/4_1_OLDE.elf.dir/Core/Startup/startup_stm32f407zgtx.s.obj
LOAD CMakeFiles/4_1_OLDE.elf.dir/Drivers/STM32F4xx_HAL_Driver/Src/stm32f4xx_hal.c.obj
LOAD CMakeFiles/4_1_OLDE.elf.dir/Drivers/STM32F4xx_HAL_Driver/Src/stm32f4xx_hal_cortex.c.obj
LOAD CMakeFiles/4_1_OLDE.elf.dir/Drivers/STM32F4xx_HAL_Driver/Src/stm32f4xx_hal_dma.c.obj
LOAD CMakeFiles/4_1_OLDE.elf.dir/Drivers/STM32F4xx_HAL_Driver/Src/stm32f4xx_hal_dma_ex.c.obj
LOAD CMakeFiles/4_1_OLDE.elf.dir/Drivers/STM32F4xx_HAL_Driver/Src/stm32f4xx_hal_exti.c.obj
LOAD CMakeFiles/4_1_OLDE.elf.dir/Drivers/STM32F4xx_HAL_Driver/Src/stm32f4xx_hal_flash.c.obj
LOAD CMakeFiles/4_1_OLDE.elf.dir/Drivers/STM32F4xx_HAL_Driver/Src/stm32f4xx_hal_flash_ex.c.obj
LOAD CMakeFiles/4_1_OLDE.elf.dir/Drivers/STM32F4xx_HAL_Driver/Src/stm32f4xx_hal_flash_ramfunc.c.obj
LOAD CMakeFiles/4_1_OLDE.elf.dir/Drivers/STM32F4xx_HAL_Driver/Src/stm32f4xx_hal_gpio.c.obj
LOAD CMakeFiles/4_1_OLDE.elf.dir/Drivers/STM32F4xx_HAL_Driver/Src/stm32f4xx_hal_i2c.c.obj
LOAD CMakeFiles/4_1_OLDE.elf.dir/Drivers/STM32F4xx_HAL_Driver/Src/stm32f4xx_hal_i2c_ex.c.obj
LOAD CMakeFiles/4_1_OLDE.elf.dir/Drivers/STM32F4xx_HAL_Driver/Src/stm32f4xx_hal_pwr.c.obj
LOAD CMakeFiles/4_1_OLDE.elf.dir/Drivers/STM32F4xx_HAL_Driver/Src/stm32f4xx_hal_pwr_ex.c.obj
LOAD CMakeFiles/4_1_OLDE.elf.dir/Drivers/STM32F4xx_HAL_Driver/Src/stm32f4xx_hal_rcc.c.obj
LOAD CMakeFiles/4_1_OLDE.elf.dir/Drivers/STM32F4xx_HAL_Driver/Src/stm32f4xx_hal_rcc_ex.c.obj
LOAD CMakeFiles/4_1_OLDE.elf.dir/Drivers/STM32F4xx_HAL_Driver/Src/stm32f4xx_hal_tim.c.obj
LOAD CMakeFiles/4_1_OLDE.elf.dir/Drivers/STM32F4xx_HAL_Driver/Src/stm32f4xx_hal_tim_ex.c.obj
LOAD CMakeFiles/4_1_OLDE.elf.dir/Drivers/User/OLED.c.obj
START GROUP
LOAD c:/progra~2/gnuarm~1/102021~1.10/bin/../lib/gcc/arm-none-eabi/10.3.1/thumb/v7e-m/nofp\libgcc.a
LOAD c:/progra~2/gnuarm~1/102021~1.10/bin/../lib/gcc/arm-none-eabi/10.3.1/../../../../arm-none-eabi/lib/thumb/v7e-m/nofp\libg.a
LOAD c:/progra~2/gnuarm~1/102021~1.10/bin/../lib/gcc/arm-none-eabi/10.3.1/../../../../arm-none-eabi/lib/thumb/v7e-m/nofp\libc.a
END GROUP
LOAD c:/progra~2/gnuarm~1/102021~1.10/bin/../lib/gcc/arm-none-eabi/10.3.1/thumb/v7e-m/nofp/crtend.o
LOAD c:/progra~2/gnuarm~1/102021~1.10/bin/../lib/gcc/arm-none-eabi/10.3.1/thumb/v7e-m/nofp/crtn.o
                0x20020000                _estack = (ORIGIN (RAM) + LENGTH (RAM))
                0x00000200                _Min_Heap_Size = 0x200
                0x00000400                _Min_Stack_Size = 0x400

.isr_vector     0x08000000      0x188
                0x08000000                . = ALIGN (0x4)
 *(.isr_vector)
 .isr_vector    0x08000000      0x188 CMakeFiles/4_1_OLDE.elf.dir/Core/Startup/startup_stm32f407zgtx.s.obj
                0x08000000                g_pfnVectors
                0x08000188                . = ALIGN (0x4)

.text           0x08000188     0x1b04
                0x08000188                . = ALIGN (0x4)
 *(.text)
 .text          0x08000188       0x40 c:/progra~2/gnuarm~1/102021~1.10/bin/../lib/gcc/arm-none-eabi/10.3.1/thumb/v7e-m/nofp/crtbegin.o
 .text          0x080001c8       0x30 c:/progra~2/gnuarm~1/102021~1.10/bin/../lib/gcc/arm-none-eabi/10.3.1/thumb/v7e-m/nofp\libgcc.a(_aeabi_uldivmod.o)
                0x080001c8                __aeabi_uldivmod
 .text          0x080001f8      0x2d0 c:/progra~2/gnuarm~1/102021~1.10/bin/../lib/gcc/arm-none-eabi/10.3.1/thumb/v7e-m/nofp\libgcc.a(_udivmoddi4.o)
                0x080001f8                __udivmoddi4
 .text          0x080004c8        0x4 c:/progra~2/gnuarm~1/102021~1.10/bin/../lib/gcc/arm-none-eabi/10.3.1/thumb/v7e-m/nofp\libgcc.a(_dvmd_tls.o)
                0x080004c8                __aeabi_idiv0
                0x080004c8                __aeabi_ldiv0
 *(.text*)
 .text.MX_GPIO_Init
                0x080004cc       0x80 CMakeFiles/4_1_OLDE.elf.dir/Core/Src/gpio.c.obj
                0x080004cc                MX_GPIO_Init
 .text.MX_I2C1_Init
                0x0800054c       0x3c CMakeFiles/4_1_OLDE.elf.dir/Core/Src/i2c.c.obj
                0x0800054c                MX_I2C1_Init
 .text.HAL_I2C_MspInit
                0x08000588       0x70 CMakeFiles/4_1_OLDE.elf.dir/Core/Src/i2c.c.obj
                0x08000588                HAL_I2C_MspInit
 .text.Error_Handler
                0x080005f8        0x4 CMakeFiles/4_1_OLDE.elf.dir/Core/Src/main.c.obj
                0x080005f8                Error_Handler
 .text.SystemClock_Config
                0x080005fc       0xa8 CMakeFiles/4_1_OLDE.elf.dir/Core/Src/main.c.obj
                0x080005fc                SystemClock_Config
 .text.main     0x080006a4       0x30 CMakeFiles/4_1_OLDE.elf.dir/Core/Src/main.c.obj
                0x080006a4                main
 .text.HAL_MspInit
                0x080006d4       0x38 CMakeFiles/4_1_OLDE.elf.dir/Core/Src/stm32f4xx_hal_msp.c.obj
                0x080006d4                HAL_MspInit
 .text.NMI_Handler
                0x0800070c        0x2 CMakeFiles/4_1_OLDE.elf.dir/Core/Src/stm32f4xx_it.c.obj
                0x0800070c                NMI_Handler
 .text.HardFault_Handler
                0x0800070e        0x2 CMakeFiles/4_1_OLDE.elf.dir/Core/Src/stm32f4xx_it.c.obj
                0x0800070e                HardFault_Handler
 .text.MemManage_Handler
                0x08000710        0x2 CMakeFiles/4_1_OLDE.elf.dir/Core/Src/stm32f4xx_it.c.obj
                0x08000710                MemManage_Handler
 .text.BusFault_Handler
                0x08000712        0x2 CMakeFiles/4_1_OLDE.elf.dir/Core/Src/stm32f4xx_it.c.obj
                0x08000712                BusFault_Handler
 .text.UsageFault_Handler
                0x08000714        0x2 CMakeFiles/4_1_OLDE.elf.dir/Core/Src/stm32f4xx_it.c.obj
                0x08000714                UsageFault_Handler
 .text.SVC_Handler
                0x08000716        0x2 CMakeFiles/4_1_OLDE.elf.dir/Core/Src/stm32f4xx_it.c.obj
                0x08000716                SVC_Handler
 .text.DebugMon_Handler
                0x08000718        0x2 CMakeFiles/4_1_OLDE.elf.dir/Core/Src/stm32f4xx_it.c.obj
                0x08000718                DebugMon_Handler
 .text.PendSV_Handler
                0x0800071a        0x2 CMakeFiles/4_1_OLDE.elf.dir/Core/Src/stm32f4xx_it.c.obj
                0x0800071a                PendSV_Handler
 .text.SysTick_Handler
                0x0800071c        0x8 CMakeFiles/4_1_OLDE.elf.dir/Core/Src/stm32f4xx_it.c.obj
                0x0800071c                SysTick_Handler
 .text.SystemInit
                0x08000724        0x2 CMakeFiles/4_1_OLDE.elf.dir/Core/Src/system_stm32f4xx.c.obj
                0x08000724                SystemInit
 *fill*         0x08000726        0x2 
 .text.Reset_Handler
                0x08000728       0x50 CMakeFiles/4_1_OLDE.elf.dir/Core/Startup/startup_stm32f407zgtx.s.obj
                0x08000728                Reset_Handler
 .text.Default_Handler
                0x08000778        0x2 CMakeFiles/4_1_OLDE.elf.dir/Core/Startup/startup_stm32f407zgtx.s.obj
                0x08000778                RTC_Alarm_IRQHandler
                0x08000778                HASH_RNG_IRQHandler
                0x08000778                EXTI2_IRQHandler
                0x08000778                TIM8_CC_IRQHandler
                0x08000778                TIM1_CC_IRQHandler
                0x08000778                DMA2_Stream5_IRQHandler
                0x08000778                DMA1_Stream5_IRQHandler
                0x08000778                PVD_IRQHandler
                0x08000778                SDIO_IRQHandler
                0x08000778                TAMP_STAMP_IRQHandler
                0x08000778                CAN2_RX1_IRQHandler
                0x08000778                EXTI3_IRQHandler
                0x08000778                TIM8_TRG_COM_TIM14_IRQHandler
                0x08000778                TIM1_UP_TIM10_IRQHandler
                0x08000778                TIM8_UP_TIM13_IRQHandler
                0x08000778                I2C3_ER_IRQHandler
                0x08000778                EXTI0_IRQHandler
                0x08000778                I2C2_EV_IRQHandler
                0x08000778                DMA1_Stream2_IRQHandler
                0x08000778                CAN1_RX0_IRQHandler
                0x08000778                FPU_IRQHandler
                0x08000778                OTG_HS_WKUP_IRQHandler
                0x08000778                CAN2_SCE_IRQHandler
                0x08000778                DMA2_Stream2_IRQHandler
                0x08000778                SPI1_IRQHandler
                0x08000778                TIM6_DAC_IRQHandler
                0x08000778                TIM1_BRK_TIM9_IRQHandler
                0x08000778                DCMI_IRQHandler
                0x08000778                CAN2_RX0_IRQHandler
                0x08000778                DMA2_Stream3_IRQHandler
                0x08000778                USART6_IRQHandler
                0x08000778                USART3_IRQHandler
                0x08000778                CAN1_RX1_IRQHandler
                0x08000778                UART5_IRQHandler
                0x08000778                DMA2_Stream0_IRQHandler
                0x08000778                TIM4_IRQHandler
                0x08000778                I2C1_EV_IRQHandler
                0x08000778                DMA1_Stream6_IRQHandler
                0x08000778                DMA1_Stream1_IRQHandler
                0x08000778                UART4_IRQHandler
                0x08000778                TIM3_IRQHandler
                0x08000778                RCC_IRQHandler
                0x08000778                TIM8_BRK_TIM12_IRQHandler
                0x08000778                Default_Handler
                0x08000778                EXTI15_10_IRQHandler
                0x08000778                ADC_IRQHandler
                0x08000778                DMA1_Stream7_IRQHandler
                0x08000778                TIM7_IRQHandler
                0x08000778                CAN2_TX_IRQHandler
                0x08000778                TIM5_IRQHandler
                0x08000778                DMA2_Stream7_IRQHandler
                0x08000778                I2C3_EV_IRQHandler
                0x08000778                EXTI9_5_IRQHandler
                0x08000778                RTC_WKUP_IRQHandler
                0x08000778                ETH_WKUP_IRQHandler
                0x08000778                SPI2_IRQHandler
                0x08000778                OTG_HS_EP1_IN_IRQHandler
                0x08000778                DMA1_Stream0_IRQHandler
                0x08000778                CAN1_TX_IRQHandler
                0x08000778                EXTI4_IRQHandler
                0x08000778                FSMC_IRQHandler
                0x08000778                ETH_IRQHandler
                0x08000778                OTG_HS_EP1_OUT_IRQHandler
                0x08000778                WWDG_IRQHandler
                0x08000778                TIM2_IRQHandler
                0x08000778                OTG_FS_WKUP_IRQHandler
                0x08000778                TIM1_TRG_COM_TIM11_IRQHandler
                0x08000778                OTG_HS_IRQHandler
                0x08000778                EXTI1_IRQHandler
                0x08000778                USART2_IRQHandler
                0x08000778                I2C2_ER_IRQHandler
                0x08000778                DMA2_Stream1_IRQHandler
                0x08000778                CAN1_SCE_IRQHandler
                0x08000778                FLASH_IRQHandler
                0x08000778                DMA2_Stream4_IRQHandler
                0x08000778                USART1_IRQHandler
                0x08000778                OTG_FS_IRQHandler
                0x08000778                SPI3_IRQHandler
                0x08000778                DMA1_Stream4_IRQHandler
                0x08000778                I2C1_ER_IRQHandler
                0x08000778                DMA2_Stream6_IRQHandler
                0x08000778                DMA1_Stream3_IRQHandler
 *fill*         0x0800077a        0x2 
 .text.HAL_InitTick
                0x0800077c       0x4c CMakeFiles/4_1_OLDE.elf.dir/Drivers/STM32F4xx_HAL_Driver/Src/stm32f4xx_hal.c.obj
                0x0800077c                HAL_InitTick
 .text.HAL_Init
                0x080007c8       0x34 CMakeFiles/4_1_OLDE.elf.dir/Drivers/STM32F4xx_HAL_Driver/Src/stm32f4xx_hal.c.obj
                0x080007c8                HAL_Init
 .text.HAL_IncTick
                0x080007fc       0x18 CMakeFiles/4_1_OLDE.elf.dir/Drivers/STM32F4xx_HAL_Driver/Src/stm32f4xx_hal.c.obj
                0x080007fc                HAL_IncTick
 .text.HAL_GetTick
                0x08000814        0xc CMakeFiles/4_1_OLDE.elf.dir/Drivers/STM32F4xx_HAL_Driver/Src/stm32f4xx_hal.c.obj
                0x08000814                HAL_GetTick
 .text.HAL_Delay
                0x08000820       0x28 CMakeFiles/4_1_OLDE.elf.dir/Drivers/STM32F4xx_HAL_Driver/Src/stm32f4xx_hal.c.obj
                0x08000820                HAL_Delay
 .text.HAL_NVIC_SetPriorityGrouping
                0x08000848       0x24 CMakeFiles/4_1_OLDE.elf.dir/Drivers/STM32F4xx_HAL_Driver/Src/stm32f4xx_hal_cortex.c.obj
                0x08000848                HAL_NVIC_SetPriorityGrouping
 .text.HAL_NVIC_SetPriority
                0x0800086c       0x70 CMakeFiles/4_1_OLDE.elf.dir/Drivers/STM32F4xx_HAL_Driver/Src/stm32f4xx_hal_cortex.c.obj
                0x0800086c                HAL_NVIC_SetPriority
 .text.HAL_SYSTICK_Config
                0x080008dc       0x28 CMakeFiles/4_1_OLDE.elf.dir/Drivers/STM32F4xx_HAL_Driver/Src/stm32f4xx_hal_cortex.c.obj
                0x080008dc                HAL_SYSTICK_Config
 .text.HAL_GPIO_Init
                0x08000904      0x1e4 CMakeFiles/4_1_OLDE.elf.dir/Drivers/STM32F4xx_HAL_Driver/Src/stm32f4xx_hal_gpio.c.obj
                0x08000904                HAL_GPIO_Init
 .text.HAL_GPIO_WritePin
                0x08000ae8        0xc CMakeFiles/4_1_OLDE.elf.dir/Drivers/STM32F4xx_HAL_Driver/Src/stm32f4xx_hal_gpio.c.obj
                0x08000ae8                HAL_GPIO_WritePin
 .text.I2C_IsAcknowledgeFailed
                0x08000af4       0x32 CMakeFiles/4_1_OLDE.elf.dir/Drivers/STM32F4xx_HAL_Driver/Src/stm32f4xx_hal_i2c.c.obj
 .text.I2C_WaitOnFlagUntilTimeout
                0x08000b26       0x7c CMakeFiles/4_1_OLDE.elf.dir/Drivers/STM32F4xx_HAL_Driver/Src/stm32f4xx_hal_i2c.c.obj
 .text.I2C_WaitOnMasterAddressFlagUntilTimeout
                0x08000ba2       0xaa CMakeFiles/4_1_OLDE.elf.dir/Drivers/STM32F4xx_HAL_Driver/Src/stm32f4xx_hal_i2c.c.obj
 .text.I2C_MasterRequestWrite
                0x08000c4c       0xb4 CMakeFiles/4_1_OLDE.elf.dir/Drivers/STM32F4xx_HAL_Driver/Src/stm32f4xx_hal_i2c.c.obj
 .text.I2C_WaitOnTXEFlagUntilTimeout
                0x08000d00       0x54 CMakeFiles/4_1_OLDE.elf.dir/Drivers/STM32F4xx_HAL_Driver/Src/stm32f4xx_hal_i2c.c.obj
 .text.I2C_WaitOnBTFFlagUntilTimeout
                0x08000d54       0x54 CMakeFiles/4_1_OLDE.elf.dir/Drivers/STM32F4xx_HAL_Driver/Src/stm32f4xx_hal_i2c.c.obj
 .text.HAL_I2C_Init
                0x08000da8      0x1bc CMakeFiles/4_1_OLDE.elf.dir/Drivers/STM32F4xx_HAL_Driver/Src/stm32f4xx_hal_i2c.c.obj
                0x08000da8                HAL_I2C_Init
 .text.HAL_I2C_Master_Transmit
                0x08000f64      0x178 CMakeFiles/4_1_OLDE.elf.dir/Drivers/STM32F4xx_HAL_Driver/Src/stm32f4xx_hal_i2c.c.obj
                0x08000f64                HAL_I2C_Master_Transmit
 .text.HAL_RCC_OscConfig
                0x080010dc      0x3f8 CMakeFiles/4_1_OLDE.elf.dir/Drivers/STM32F4xx_HAL_Driver/Src/stm32f4xx_hal_rcc.c.obj
                0x080010dc                HAL_RCC_OscConfig
 .text.HAL_RCC_GetSysClockFreq
                0x080014d4       0xd4 CMakeFiles/4_1_OLDE.elf.dir/Drivers/STM32F4xx_HAL_Driver/Src/stm32f4xx_hal_rcc.c.obj
                0x080014d4                HAL_RCC_GetSysClockFreq
 .text.HAL_RCC_ClockConfig
                0x080015a8      0x160 CMakeFiles/4_1_OLDE.elf.dir/Drivers/STM32F4xx_HAL_Driver/Src/stm32f4xx_hal_rcc.c.obj
                0x080015a8                HAL_RCC_ClockConfig
 .text.HAL_RCC_GetHCLKFreq
                0x08001708        0xc CMakeFiles/4_1_OLDE.elf.dir/Drivers/STM32F4xx_HAL_Driver/Src/stm32f4xx_hal_rcc.c.obj
                0x08001708                HAL_RCC_GetHCLKFreq
 .text.HAL_RCC_GetPCLK1Freq
                0x08001714       0x20 CMakeFiles/4_1_OLDE.elf.dir/Drivers/STM32F4xx_HAL_Driver/Src/stm32f4xx_hal_rcc.c.obj
                0x08001714                HAL_RCC_GetPCLK1Freq
 .text.HAL_I2C_WriteByte
                0x08001734       0x28 CMakeFiles/4_1_OLDE.elf.dir/Drivers/User/OLED.c.obj
                0x08001734                HAL_I2C_WriteByte
 .text.WriteCmd
                0x0800175c        0xc CMakeFiles/4_1_OLDE.elf.dir/Drivers/User/OLED.c.obj
                0x0800175c                WriteCmd
 .text.WriteDat
                0x08001768        0xc CMakeFiles/4_1_OLDE.elf.dir/Drivers/User/OLED.c.obj
                0x08001768                WriteDat
 .text.OLED_RefreshRAM
                0x08001774       0x44 CMakeFiles/4_1_OLDE.elf.dir/Drivers/User/OLED.c.obj
                0x08001774                OLED_RefreshRAM
 .text.OLED_FullyFill
                0x080017b8       0x2c CMakeFiles/4_1_OLDE.elf.dir/Drivers/User/OLED.c.obj
                0x080017b8                OLED_FullyFill
 .text.OLED_FullyClear
                0x080017e4        0xa CMakeFiles/4_1_OLDE.elf.dir/Drivers/User/OLED.c.obj
                0x080017e4                OLED_FullyClear
 .text.OLED_Init
                0x080017ee       0xb8 CMakeFiles/4_1_OLDE.elf.dir/Drivers/User/OLED.c.obj
                0x080017ee                OLED_Init
 *fill*         0x080018a6        0x2 
 .text.OLED_SetPixel
                0x080018a8       0x78 CMakeFiles/4_1_OLDE.elf.dir/Drivers/User/OLED.c.obj
                0x080018a8                OLED_SetPixel
 .text.OLED_ShowMixedCH
                0x08001920      0x188 CMakeFiles/4_1_OLDE.elf.dir/Drivers/User/OLED.c.obj
                0x08001920                OLED_ShowMixedCH
 .text.__libc_init_array
                0x08001aa8       0x48 c:/progra~2/gnuarm~1/102021~1.10/bin/../lib/gcc/arm-none-eabi/10.3.1/../../../../arm-none-eabi/lib/thumb/v7e-m/nofp\libg.a(lib_a-init.o)
                0x08001aa8                __libc_init_array
 .text.memset   0x08001af0       0xa4 c:/progra~2/gnuarm~1/102021~1.10/bin/../lib/gcc/arm-none-eabi/10.3.1/../../../../arm-none-eabi/lib/thumb/v7e-m/nofp\libg.a(lib_a-memset.o)
                0x08001af0                memset
 .text.startup.register_fini
                0x08001b94       0x14 c:/progra~2/gnuarm~1/102021~1.10/bin/../lib/gcc/arm-none-eabi/10.3.1/../../../../arm-none-eabi/lib/thumb/v7e-m/nofp\libg.a(lib_a-__call_atexit.o)
 .text.atexit   0x08001ba8        0xc c:/progra~2/gnuarm~1/102021~1.10/bin/../lib/gcc/arm-none-eabi/10.3.1/../../../../arm-none-eabi/lib/thumb/v7e-m/nofp\libg.a(lib_a-atexit.o)
                0x08001ba8                atexit
 .text.__libc_fini_array
                0x08001bb4       0x2c c:/progra~2/gnuarm~1/102021~1.10/bin/../lib/gcc/arm-none-eabi/10.3.1/../../../../arm-none-eabi/lib/thumb/v7e-m/nofp\libg.a(lib_a-fini.o)
                0x08001bb4                __libc_fini_array
 .text.__retarget_lock_acquire_recursive
                0x08001be0        0x4 c:/progra~2/gnuarm~1/102021~1.10/bin/../lib/gcc/arm-none-eabi/10.3.1/../../../../arm-none-eabi/lib/thumb/v7e-m/nofp\libg.a(lib_a-lock.o)
                0x08001be0                __retarget_lock_acquire_recursive
 .text.__retarget_lock_release_recursive
                0x08001be4        0x4 c:/progra~2/gnuarm~1/102021~1.10/bin/../lib/gcc/arm-none-eabi/10.3.1/../../../../arm-none-eabi/lib/thumb/v7e-m/nofp\libg.a(lib_a-lock.o)
                0x08001be4                __retarget_lock_release_recursive
 .text.__register_exitproc
                0x08001be8       0x8c c:/progra~2/gnuarm~1/102021~1.10/bin/../lib/gcc/arm-none-eabi/10.3.1/../../../../arm-none-eabi/lib/thumb/v7e-m/nofp\libg.a(lib_a-__atexit.o)
                0x08001be8                __register_exitproc
 *(.glue_7)
 .glue_7        0x08001c74        0x0 linker stubs
 *(.glue_7t)
 .glue_7t       0x08001c74        0x0 linker stubs
 *(.eh_frame)
 .eh_frame      0x08001c74        0x0 c:/progra~2/gnuarm~1/102021~1.10/bin/../lib/gcc/arm-none-eabi/10.3.1/thumb/v7e-m/nofp/crtbegin.o
 *(.init)
 .init          0x08001c74        0x4 c:/progra~2/gnuarm~1/102021~1.10/bin/../lib/gcc/arm-none-eabi/10.3.1/thumb/v7e-m/nofp/crti.o
                0x08001c74                _init
 .init          0x08001c78        0x8 c:/progra~2/gnuarm~1/102021~1.10/bin/../lib/gcc/arm-none-eabi/10.3.1/thumb/v7e-m/nofp/crtn.o
 *(.fini)
 .fini          0x08001c80        0x4 c:/progra~2/gnuarm~1/102021~1.10/bin/../lib/gcc/arm-none-eabi/10.3.1/thumb/v7e-m/nofp/crti.o
                0x08001c80                _fini
 .fini          0x08001c84        0x8 c:/progra~2/gnuarm~1/102021~1.10/bin/../lib/gcc/arm-none-eabi/10.3.1/thumb/v7e-m/nofp/crtn.o
                0x08001c8c                . = ALIGN (0x4)
                0x08001c8c                _etext = .

.vfp11_veneer   0x08001c8c        0x0
 .vfp11_veneer  0x08001c8c        0x0 linker stubs

.v4_bx          0x08001c8c        0x0
 .v4_bx         0x08001c8c        0x0 linker stubs

.iplt           0x08001c8c        0x0
 .iplt          0x08001c8c        0x0 c:/progra~2/gnuarm~1/102021~1.10/bin/../lib/gcc/arm-none-eabi/10.3.1/thumb/v7e-m/nofp/crtbegin.o

.rodata         0x08001c8c      0x660
                0x08001c8c                . = ALIGN (0x4)
 *(.rodata)
 *(.rodata*)
 .rodata.main.str1.4
                0x08001c8c        0xb CMakeFiles/4_1_OLDE.elf.dir/Core/Src/main.c.obj
 *fill*         0x08001c97        0x1 
 .rodata.AHBPrescTable
                0x08001c98       0x10 CMakeFiles/4_1_OLDE.elf.dir/Core/Src/system_stm32f4xx.c.obj
                0x08001c98                AHBPrescTable
 .rodata.APBPrescTable
                0x08001ca8        0x8 CMakeFiles/4_1_OLDE.elf.dir/Core/Src/system_stm32f4xx.c.obj
                0x08001ca8                APBPrescTable
 .rodata.F16x16_CN
                0x08001cb0       0x46 CMakeFiles/4_1_OLDE.elf.dir/Drivers/User/OLED.c.obj
                0x08001cb0                F16x16_CN
 *fill*         0x08001cf6        0x2 
 .rodata.F8X16  0x08001cf8      0x5f0 CMakeFiles/4_1_OLDE.elf.dir/Drivers/User/OLED.c.obj
                0x08001cf8                F8X16
 .rodata._global_impure_ptr
                0x080022e8        0x4 c:/progra~2/gnuarm~1/102021~1.10/bin/../lib/gcc/arm-none-eabi/10.3.1/../../../../arm-none-eabi/lib/thumb/v7e-m/nofp\libg.a(lib_a-impure.o)
                0x080022e8                _global_impure_ptr
                0x080022ec                . = ALIGN (0x4)

.ARM.extab      0x080022ec        0x0
                0x080022ec                . = ALIGN (0x4)
 *(.ARM.extab* .gnu.linkonce.armextab.*)
                0x080022ec                . = ALIGN (0x4)

.ARM            0x080022ec        0x8
                0x080022ec                . = ALIGN (0x4)
                0x080022ec                __exidx_start = .
 *(.ARM.exidx*)
 .ARM.exidx     0x080022ec        0x8 c:/progra~2/gnuarm~1/102021~1.10/bin/../lib/gcc/arm-none-eabi/10.3.1/thumb/v7e-m/nofp\libgcc.a(_udivmoddi4.o)
                0x080022f4                __exidx_end = .
                0x080022f4                . = ALIGN (0x4)

.rel.dyn        0x080022f4        0x0
 .rel.iplt      0x080022f4        0x0 c:/progra~2/gnuarm~1/102021~1.10/bin/../lib/gcc/arm-none-eabi/10.3.1/thumb/v7e-m/nofp/crtbegin.o

.preinit_array  0x080022f4        0x0
                0x080022f4                . = ALIGN (0x4)
                0x080022f4                PROVIDE (__preinit_array_start = .)
 *(.preinit_array*)
                0x080022f4                PROVIDE (__preinit_array_end = .)
                0x080022f4                . = ALIGN (0x4)

.init_array     0x080022f4        0x8
                0x080022f4                . = ALIGN (0x4)
                0x080022f4                PROVIDE (__init_array_start = .)
 *(SORT_BY_NAME(.init_array.*))
 .init_array.00000
                0x080022f4        0x4 c:/progra~2/gnuarm~1/102021~1.10/bin/../lib/gcc/arm-none-eabi/10.3.1/../../../../arm-none-eabi/lib/thumb/v7e-m/nofp\libg.a(lib_a-__call_atexit.o)
 *(.init_array*)
 .init_array    0x080022f8        0x4 c:/progra~2/gnuarm~1/102021~1.10/bin/../lib/gcc/arm-none-eabi/10.3.1/thumb/v7e-m/nofp/crtbegin.o
                0x080022fc                PROVIDE (__init_array_end = .)
                0x080022fc                . = ALIGN (0x4)

.fini_array     0x080022fc        0x4
                0x080022fc                . = ALIGN (0x4)
                0x080022fc                PROVIDE (__fini_array_start = .)
 *(SORT_BY_NAME(.fini_array.*))
 *(.fini_array*)
 .fini_array    0x080022fc        0x4 c:/progra~2/gnuarm~1/102021~1.10/bin/../lib/gcc/arm-none-eabi/10.3.1/thumb/v7e-m/nofp/crtbegin.o
                0x08002300                PROVIDE (__fini_array_end = .)
                0x08002300                . = ALIGN (0x4)
                0x08002300                _sidata = LOADADDR (.data)

.data           0x20000000      0x43c load address 0x08002300
                0x20000000                . = ALIGN (0x4)
                0x20000000                _sdata = .
 *(.data)
 *(.data*)
 .data.SystemCoreClock
                0x20000000        0x4 CMakeFiles/4_1_OLDE.elf.dir/Core/Src/system_stm32f4xx.c.obj
                0x20000000                SystemCoreClock
 .data.uwTickFreq
                0x20000004        0x1 CMakeFiles/4_1_OLDE.elf.dir/Drivers/STM32F4xx_HAL_Driver/Src/stm32f4xx_hal.c.obj
                0x20000004                uwTickFreq
 *fill*         0x20000005        0x3 
 .data.uwTickPrio
                0x20000008        0x4 CMakeFiles/4_1_OLDE.elf.dir/Drivers/STM32F4xx_HAL_Driver/Src/stm32f4xx_hal.c.obj
                0x20000008                uwTickPrio
 *fill*         0x2000000c        0x4 
 .data.impure_data
                0x20000010      0x428 c:/progra~2/gnuarm~1/102021~1.10/bin/../lib/gcc/arm-none-eabi/10.3.1/../../../../arm-none-eabi/lib/thumb/v7e-m/nofp\libg.a(lib_a-impure.o)
 .data.__atexit_recursive_mutex
                0x20000438        0x4 c:/progra~2/gnuarm~1/102021~1.10/bin/../lib/gcc/arm-none-eabi/10.3.1/../../../../arm-none-eabi/lib/thumb/v7e-m/nofp\libg.a(lib_a-__call_atexit.o)
                0x20000438                __atexit_recursive_mutex
 *(.RamFunc)
 *(.RamFunc*)
                0x2000043c                . = ALIGN (0x4)
                0x2000043c                _edata = .
                0x0800273c                _siccmram = LOADADDR (.ccmram)

.igot.plt       0x2000043c        0x0 load address 0x0800273c
 .igot.plt      0x2000043c        0x0 c:/progra~2/gnuarm~1/102021~1.10/bin/../lib/gcc/arm-none-eabi/10.3.1/thumb/v7e-m/nofp/crtbegin.o

.ccmram         0x10000000        0x0 load address 0x0800273c
                0x10000000                . = ALIGN (0x4)
                0x10000000                _sccmram = .
 *(.ccmram)
 *(.ccmram*)
                0x10000000                . = ALIGN (0x4)
                0x10000000                _eccmram = .
                0x10000000                . = ALIGN (0x4)

.bss            0x2000043c      0x478
                0x2000043c                _sbss = .
                0x2000043c                __bss_start__ = _sbss
 *(.bss)
 .bss           0x2000043c       0x1c c:/progra~2/gnuarm~1/102021~1.10/bin/../lib/gcc/arm-none-eabi/10.3.1/thumb/v7e-m/nofp/crtbegin.o
 *(.bss*)
 .bss.hi2c1     0x20000458       0x54 CMakeFiles/4_1_OLDE.elf.dir/Core/Src/i2c.c.obj
                0x20000458                hi2c1
 .bss.uwTick    0x200004ac        0x4 CMakeFiles/4_1_OLDE.elf.dir/Drivers/STM32F4xx_HAL_Driver/Src/stm32f4xx_hal.c.obj
                0x200004ac                uwTick
 .bss.OLED_RAM  0x200004b0      0x400 CMakeFiles/4_1_OLDE.elf.dir/Drivers/User/OLED.c.obj
 .bss.__lock___atexit_recursive_mutex
                0x200008b0        0x1 c:/progra~2/gnuarm~1/102021~1.10/bin/../lib/gcc/arm-none-eabi/10.3.1/../../../../arm-none-eabi/lib/thumb/v7e-m/nofp\libg.a(lib_a-lock.o)
                0x200008b0                __lock___atexit_recursive_mutex
 *(COMMON)
                0x200008b4                . = ALIGN (0x4)
 *fill*         0x200008b1        0x3 
                0x200008b4                _ebss = .
                0x200008b4                __bss_end__ = _ebss

._user_heap_stack
                0x200008b4      0x604
                0x200008b8                . = ALIGN (0x8)
 *fill*         0x200008b4        0x4 
                [!provide]                PROVIDE (end = .)
                0x200008b8                PROVIDE (_end = .)
                0x20000ab8                . = (. + _Min_Heap_Size)
 *fill*         0x200008b8      0x200 
                0x20000eb8                . = (. + _Min_Stack_Size)
 *fill*         0x20000ab8      0x400 
                0x20000eb8                . = ALIGN (0x8)

/DISCARD/
 libc.a(*)
 libm.a(*)
 libgcc.a(*)

.ARM.attributes
                0x00000000       0x2a
 *(.ARM.attributes)
 .ARM.attributes
                0x00000000       0x1e c:/progra~2/gnuarm~1/102021~1.10/bin/../lib/gcc/arm-none-eabi/10.3.1/thumb/v7e-m/nofp/crti.o
 .ARM.attributes
                0x0000001e       0x2e c:/progra~2/gnuarm~1/102021~1.10/bin/../lib/gcc/arm-none-eabi/10.3.1/thumb/v7e-m/nofp/crtbegin.o
 .ARM.attributes
                0x0000004c       0x2e CMakeFiles/4_1_OLDE.elf.dir/Core/Src/gpio.c.obj
 .ARM.attributes
                0x0000007a       0x2e CMakeFiles/4_1_OLDE.elf.dir/Core/Src/i2c.c.obj
 .ARM.attributes
                0x000000a8       0x2e CMakeFiles/4_1_OLDE.elf.dir/Core/Src/main.c.obj
 .ARM.attributes
                0x000000d6       0x2e CMakeFiles/4_1_OLDE.elf.dir/Core/Src/stm32f4xx_hal_msp.c.obj
 .ARM.attributes
                0x00000104       0x2e CMakeFiles/4_1_OLDE.elf.dir/Core/Src/stm32f4xx_it.c.obj
 .ARM.attributes
                0x00000132       0x2e CMakeFiles/4_1_OLDE.elf.dir/Core/Src/system_stm32f4xx.c.obj
 .ARM.attributes
                0x00000160       0x21 CMakeFiles/4_1_OLDE.elf.dir/Core/Startup/startup_stm32f407zgtx.s.obj
 .ARM.attributes
                0x00000181       0x2e CMakeFiles/4_1_OLDE.elf.dir/Drivers/STM32F4xx_HAL_Driver/Src/stm32f4xx_hal.c.obj
 .ARM.attributes
                0x000001af       0x2e CMakeFiles/4_1_OLDE.elf.dir/Drivers/STM32F4xx_HAL_Driver/Src/stm32f4xx_hal_cortex.c.obj
 .ARM.attributes
                0x000001dd       0x2e CMakeFiles/4_1_OLDE.elf.dir/Drivers/STM32F4xx_HAL_Driver/Src/stm32f4xx_hal_gpio.c.obj
 .ARM.attributes
                0x0000020b       0x2e CMakeFiles/4_1_OLDE.elf.dir/Drivers/STM32F4xx_HAL_Driver/Src/stm32f4xx_hal_i2c.c.obj
 .ARM.attributes
                0x00000239       0x2e CMakeFiles/4_1_OLDE.elf.dir/Drivers/STM32F4xx_HAL_Driver/Src/stm32f4xx_hal_rcc.c.obj
 .ARM.attributes
                0x00000267       0x2e CMakeFiles/4_1_OLDE.elf.dir/Drivers/User/OLED.c.obj
 .ARM.attributes
                0x00000295       0x1e c:/progra~2/gnuarm~1/102021~1.10/bin/../lib/gcc/arm-none-eabi/10.3.1/thumb/v7e-m/nofp\libgcc.a(_aeabi_uldivmod.o)
 .ARM.attributes
                0x000002b3       0x2e c:/progra~2/gnuarm~1/102021~1.10/bin/../lib/gcc/arm-none-eabi/10.3.1/thumb/v7e-m/nofp\libgcc.a(_udivmoddi4.o)
 .ARM.attributes
                0x000002e1       0x1e c:/progra~2/gnuarm~1/102021~1.10/bin/../lib/gcc/arm-none-eabi/10.3.1/thumb/v7e-m/nofp\libgcc.a(_dvmd_tls.o)
 .ARM.attributes
                0x000002ff       0x2e c:/progra~2/gnuarm~1/102021~1.10/bin/../lib/gcc/arm-none-eabi/10.3.1/../../../../arm-none-eabi/lib/thumb/v7e-m/nofp\libg.a(lib_a-impure.o)
 .ARM.attributes
                0x0000032d       0x2e c:/progra~2/gnuarm~1/102021~1.10/bin/../lib/gcc/arm-none-eabi/10.3.1/../../../../arm-none-eabi/lib/thumb/v7e-m/nofp\libg.a(lib_a-init.o)
 .ARM.attributes
                0x0000035b       0x2e c:/progra~2/gnuarm~1/102021~1.10/bin/../lib/gcc/arm-none-eabi/10.3.1/../../../../arm-none-eabi/lib/thumb/v7e-m/nofp\libg.a(lib_a-memset.o)
 .ARM.attributes
                0x00000389       0x2e c:/progra~2/gnuarm~1/102021~1.10/bin/../lib/gcc/arm-none-eabi/10.3.1/../../../../arm-none-eabi/lib/thumb/v7e-m/nofp\libg.a(lib_a-__call_atexit.o)
 .ARM.attributes
                0x000003b7       0x2e c:/progra~2/gnuarm~1/102021~1.10/bin/../lib/gcc/arm-none-eabi/10.3.1/../../../../arm-none-eabi/lib/thumb/v7e-m/nofp\libg.a(lib_a-atexit.o)
 .ARM.attributes
                0x000003e5       0x2e c:/progra~2/gnuarm~1/102021~1.10/bin/../lib/gcc/arm-none-eabi/10.3.1/../../../../arm-none-eabi/lib/thumb/v7e-m/nofp\libg.a(lib_a-fini.o)
 .ARM.attributes
                0x00000413       0x2e c:/progra~2/gnuarm~1/102021~1.10/bin/../lib/gcc/arm-none-eabi/10.3.1/../../../../arm-none-eabi/lib/thumb/v7e-m/nofp\libg.a(lib_a-lock.o)
 .ARM.attributes
                0x00000441       0x2e c:/progra~2/gnuarm~1/102021~1.10/bin/../lib/gcc/arm-none-eabi/10.3.1/../../../../arm-none-eabi/lib/thumb/v7e-m/nofp\libg.a(lib_a-__atexit.o)
 .ARM.attributes
                0x0000046f       0x1e c:/progra~2/gnuarm~1/102021~1.10/bin/../lib/gcc/arm-none-eabi/10.3.1/thumb/v7e-m/nofp/crtn.o
OUTPUT(4_1_OLDE.elf elf32-littlearm)
LOAD linker stubs
LOAD c:/progra~2/gnuarm~1/102021~1.10/bin/../lib/gcc/arm-none-eabi/10.3.1/../../../../arm-none-eabi/lib/thumb/v7e-m/nofp\libc.a
LOAD c:/progra~2/gnuarm~1/102021~1.10/bin/../lib/gcc/arm-none-eabi/10.3.1/../../../../arm-none-eabi/lib/thumb/v7e-m/nofp\libm.a
LOAD c:/progra~2/gnuarm~1/102021~1.10/bin/../lib/gcc/arm-none-eabi/10.3.1/thumb/v7e-m/nofp\libgcc.a

.debug_info     0x00000000     0x9c36
 .debug_info    0x00000000      0x45c CMakeFiles/4_1_OLDE.elf.dir/Core/Src/gpio.c.obj
 .debug_info    0x0000045c      0xa52 CMakeFiles/4_1_OLDE.elf.dir/Core/Src/i2c.c.obj
 .debug_info    0x00000eae      0x5f3 CMakeFiles/4_1_OLDE.elf.dir/Core/Src/main.c.obj
 .debug_info    0x000014a1      0x2a4 CMakeFiles/4_1_OLDE.elf.dir/Core/Src/stm32f4xx_hal_msp.c.obj
 .debug_info    0x00001745      0x12f CMakeFiles/4_1_OLDE.elf.dir/Core/Src/stm32f4xx_it.c.obj
 .debug_info    0x00001874      0x37d CMakeFiles/4_1_OLDE.elf.dir/Core/Src/system_stm32f4xx.c.obj
 .debug_info    0x00001bf1       0x22 CMakeFiles/4_1_OLDE.elf.dir/Core/Startup/startup_stm32f407zgtx.s.obj
 .debug_info    0x00001c13      0x9f0 CMakeFiles/4_1_OLDE.elf.dir/Drivers/STM32F4xx_HAL_Driver/Src/stm32f4xx_hal.c.obj
 .debug_info    0x00002603     0x1098 CMakeFiles/4_1_OLDE.elf.dir/Drivers/STM32F4xx_HAL_Driver/Src/stm32f4xx_hal_cortex.c.obj
 .debug_info    0x0000369b      0x7b0 CMakeFiles/4_1_OLDE.elf.dir/Drivers/STM32F4xx_HAL_Driver/Src/stm32f4xx_hal_gpio.c.obj
 .debug_info    0x00003e4b     0x3944 CMakeFiles/4_1_OLDE.elf.dir/Drivers/STM32F4xx_HAL_Driver/Src/stm32f4xx_hal_i2c.c.obj
 .debug_info    0x0000778f      0xb03 CMakeFiles/4_1_OLDE.elf.dir/Drivers/STM32F4xx_HAL_Driver/Src/stm32f4xx_hal_rcc.c.obj
 .debug_info    0x00008292     0x19a4 CMakeFiles/4_1_OLDE.elf.dir/Drivers/User/OLED.c.obj

.debug_abbrev   0x00000000     0x165e
 .debug_abbrev  0x00000000      0x14e CMakeFiles/4_1_OLDE.elf.dir/Core/Src/gpio.c.obj
 .debug_abbrev  0x0000014e      0x1d3 CMakeFiles/4_1_OLDE.elf.dir/Core/Src/i2c.c.obj
 .debug_abbrev  0x00000321      0x1b7 CMakeFiles/4_1_OLDE.elf.dir/Core/Src/main.c.obj
 .debug_abbrev  0x000004d8       0xd1 CMakeFiles/4_1_OLDE.elf.dir/Core/Src/stm32f4xx_hal_msp.c.obj
 .debug_abbrev  0x000005a9       0x7e CMakeFiles/4_1_OLDE.elf.dir/Core/Src/stm32f4xx_it.c.obj
 .debug_abbrev  0x00000627      0x119 CMakeFiles/4_1_OLDE.elf.dir/Core/Src/system_stm32f4xx.c.obj
 .debug_abbrev  0x00000740       0x12 CMakeFiles/4_1_OLDE.elf.dir/Core/Startup/startup_stm32f407zgtx.s.obj
 .debug_abbrev  0x00000752      0x206 CMakeFiles/4_1_OLDE.elf.dir/Drivers/STM32F4xx_HAL_Driver/Src/stm32f4xx_hal.c.obj
 .debug_abbrev  0x00000958      0x36a CMakeFiles/4_1_OLDE.elf.dir/Drivers/STM32F4xx_HAL_Driver/Src/stm32f4xx_hal_cortex.c.obj
 .debug_abbrev  0x00000cc2      0x1ef CMakeFiles/4_1_OLDE.elf.dir/Drivers/STM32F4xx_HAL_Driver/Src/stm32f4xx_hal_gpio.c.obj
 .debug_abbrev  0x00000eb1      0x27f CMakeFiles/4_1_OLDE.elf.dir/Drivers/STM32F4xx_HAL_Driver/Src/stm32f4xx_hal_i2c.c.obj
 .debug_abbrev  0x00001130      0x28a CMakeFiles/4_1_OLDE.elf.dir/Drivers/STM32F4xx_HAL_Driver/Src/stm32f4xx_hal_rcc.c.obj
 .debug_abbrev  0x000013ba      0x2a4 CMakeFiles/4_1_OLDE.elf.dir/Drivers/User/OLED.c.obj

.debug_aranges  0x00000000      0x748
 .debug_aranges
                0x00000000       0x20 CMakeFiles/4_1_OLDE.elf.dir/Core/Src/gpio.c.obj
 .debug_aranges
                0x00000020       0x30 CMakeFiles/4_1_OLDE.elf.dir/Core/Src/i2c.c.obj
 .debug_aranges
                0x00000050       0x30 CMakeFiles/4_1_OLDE.elf.dir/Core/Src/main.c.obj
 .debug_aranges
                0x00000080       0x20 CMakeFiles/4_1_OLDE.elf.dir/Core/Src/stm32f4xx_hal_msp.c.obj
 .debug_aranges
                0x000000a0       0x60 CMakeFiles/4_1_OLDE.elf.dir/Core/Src/stm32f4xx_it.c.obj
 .debug_aranges
                0x00000100       0x28 CMakeFiles/4_1_OLDE.elf.dir/Core/Src/system_stm32f4xx.c.obj
 .debug_aranges
                0x00000128       0x28 CMakeFiles/4_1_OLDE.elf.dir/Core/Startup/startup_stm32f407zgtx.s.obj
 .debug_aranges
                0x00000150       0xf0 CMakeFiles/4_1_OLDE.elf.dir/Drivers/STM32F4xx_HAL_Driver/Src/stm32f4xx_hal.c.obj
 .debug_aranges
                0x00000240       0xa8 CMakeFiles/4_1_OLDE.elf.dir/Drivers/STM32F4xx_HAL_Driver/Src/stm32f4xx_hal_cortex.c.obj
 .debug_aranges
                0x000002e8       0x58 CMakeFiles/4_1_OLDE.elf.dir/Drivers/STM32F4xx_HAL_Driver/Src/stm32f4xx_hal_gpio.c.obj
 .debug_aranges
                0x00000340      0x2a0 CMakeFiles/4_1_OLDE.elf.dir/Drivers/STM32F4xx_HAL_Driver/Src/stm32f4xx_hal_i2c.c.obj
 .debug_aranges
                0x000005e0       0x88 CMakeFiles/4_1_OLDE.elf.dir/Drivers/STM32F4xx_HAL_Driver/Src/stm32f4xx_hal_rcc.c.obj
 .debug_aranges
                0x00000668       0xe0 CMakeFiles/4_1_OLDE.elf.dir/Drivers/User/OLED.c.obj

.debug_ranges   0x00000000      0x9b0
 .debug_ranges  0x00000000       0x10 CMakeFiles/4_1_OLDE.elf.dir/Core/Src/gpio.c.obj
 .debug_ranges  0x00000010       0x20 CMakeFiles/4_1_OLDE.elf.dir/Core/Src/i2c.c.obj
 .debug_ranges  0x00000030       0x20 CMakeFiles/4_1_OLDE.elf.dir/Core/Src/main.c.obj
 .debug_ranges  0x00000050       0x10 CMakeFiles/4_1_OLDE.elf.dir/Core/Src/stm32f4xx_hal_msp.c.obj
 .debug_ranges  0x00000060       0x50 CMakeFiles/4_1_OLDE.elf.dir/Core/Src/stm32f4xx_it.c.obj
 .debug_ranges  0x000000b0       0x18 CMakeFiles/4_1_OLDE.elf.dir/Core/Src/system_stm32f4xx.c.obj
 .debug_ranges  0x000000c8       0x20 CMakeFiles/4_1_OLDE.elf.dir/Core/Startup/startup_stm32f407zgtx.s.obj
 .debug_ranges  0x000000e8       0xe0 CMakeFiles/4_1_OLDE.elf.dir/Drivers/STM32F4xx_HAL_Driver/Src/stm32f4xx_hal.c.obj
 .debug_ranges  0x000001c8       0xf8 CMakeFiles/4_1_OLDE.elf.dir/Drivers/STM32F4xx_HAL_Driver/Src/stm32f4xx_hal_cortex.c.obj
 .debug_ranges  0x000002c0       0x48 CMakeFiles/4_1_OLDE.elf.dir/Drivers/STM32F4xx_HAL_Driver/Src/stm32f4xx_hal_gpio.c.obj
 .debug_ranges  0x00000308      0x2a8 CMakeFiles/4_1_OLDE.elf.dir/Drivers/STM32F4xx_HAL_Driver/Src/stm32f4xx_hal_i2c.c.obj
 .debug_ranges  0x000005b0       0x90 CMakeFiles/4_1_OLDE.elf.dir/Drivers/STM32F4xx_HAL_Driver/Src/stm32f4xx_hal_rcc.c.obj
 .debug_ranges  0x00000640      0x370 CMakeFiles/4_1_OLDE.elf.dir/Drivers/User/OLED.c.obj

.debug_line     0x00000000     0x94c7
 .debug_line    0x00000000      0x1fe CMakeFiles/4_1_OLDE.elf.dir/Core/Src/gpio.c.obj
 .debug_line    0x000001fe      0x332 CMakeFiles/4_1_OLDE.elf.dir/Core/Src/i2c.c.obj
 .debug_line    0x00000530      0x3da CMakeFiles/4_1_OLDE.elf.dir/Core/Src/main.c.obj
 .debug_line    0x0000090a      0x17f CMakeFiles/4_1_OLDE.elf.dir/Core/Src/stm32f4xx_hal_msp.c.obj
 .debug_line    0x00000a89      0x1bf CMakeFiles/4_1_OLDE.elf.dir/Core/Src/stm32f4xx_it.c.obj
 .debug_line    0x00000c48      0x247 CMakeFiles/4_1_OLDE.elf.dir/Core/Src/system_stm32f4xx.c.obj
 .debug_line    0x00000e8f       0xa9 CMakeFiles/4_1_OLDE.elf.dir/Core/Startup/startup_stm32f407zgtx.s.obj
 .debug_line    0x00000f38      0x5d1 CMakeFiles/4_1_OLDE.elf.dir/Drivers/STM32F4xx_HAL_Driver/Src/stm32f4xx_hal.c.obj
 .debug_line    0x00001509      0x7e4 CMakeFiles/4_1_OLDE.elf.dir/Drivers/STM32F4xx_HAL_Driver/Src/stm32f4xx_hal_cortex.c.obj
 .debug_line    0x00001ced      0x729 CMakeFiles/4_1_OLDE.elf.dir/Drivers/STM32F4xx_HAL_Driver/Src/stm32f4xx_hal_gpio.c.obj
 .debug_line    0x00002416     0x53ab CMakeFiles/4_1_OLDE.elf.dir/Drivers/STM32F4xx_HAL_Driver/Src/stm32f4xx_hal_i2c.c.obj
 .debug_line    0x000077c1      0xb58 CMakeFiles/4_1_OLDE.elf.dir/Drivers/STM32F4xx_HAL_Driver/Src/stm32f4xx_hal_rcc.c.obj
 .debug_line    0x00008319     0x11ae CMakeFiles/4_1_OLDE.elf.dir/Drivers/User/OLED.c.obj

.debug_str      0x00000000     0x2879
 .debug_str     0x00000000      0x34a CMakeFiles/4_1_OLDE.elf.dir/Core/Src/gpio.c.obj
                                0x3a0 (size before relaxing)
 .debug_str     0x0000034a      0x557 CMakeFiles/4_1_OLDE.elf.dir/Core/Src/i2c.c.obj
                                0x8cc (size before relaxing)
 .debug_str     0x000008a1      0x1ef CMakeFiles/4_1_OLDE.elf.dir/Core/Src/main.c.obj
                                0x4f8 (size before relaxing)
 .debug_str     0x00000a90       0x4d CMakeFiles/4_1_OLDE.elf.dir/Core/Src/stm32f4xx_hal_msp.c.obj
                                0x2ef (size before relaxing)
 .debug_str     0x00000add       0xd8 CMakeFiles/4_1_OLDE.elf.dir/Core/Src/stm32f4xx_it.c.obj
                                0x263 (size before relaxing)
 .debug_str     0x00000bb5       0xa8 CMakeFiles/4_1_OLDE.elf.dir/Core/Src/system_stm32f4xx.c.obj
                                0x355 (size before relaxing)
 .debug_str     0x00000c5d       0x57 CMakeFiles/4_1_OLDE.elf.dir/Core/Startup/startup_stm32f407zgtx.s.obj
                                 0x8d (size before relaxing)
 .debug_str     0x00000cb4      0x885 CMakeFiles/4_1_OLDE.elf.dir/Drivers/STM32F4xx_HAL_Driver/Src/stm32f4xx_hal.c.obj
                                0xb8e (size before relaxing)
 .debug_str     0x00001539      0x4d3 CMakeFiles/4_1_OLDE.elf.dir/Drivers/STM32F4xx_HAL_Driver/Src/stm32f4xx_hal_cortex.c.obj
                                0xc60 (size before relaxing)
 .debug_str     0x00001a0c      0x149 CMakeFiles/4_1_OLDE.elf.dir/Drivers/STM32F4xx_HAL_Driver/Src/stm32f4xx_hal_gpio.c.obj
                                0x514 (size before relaxing)
 .debug_str     0x00001b55      0x91f CMakeFiles/4_1_OLDE.elf.dir/Drivers/STM32F4xx_HAL_Driver/Src/stm32f4xx_hal_i2c.c.obj
                               0x1064 (size before relaxing)
 .debug_str     0x00002474      0x1a5 CMakeFiles/4_1_OLDE.elf.dir/Drivers/STM32F4xx_HAL_Driver/Src/stm32f4xx_hal_rcc.c.obj
                                0x73a (size before relaxing)
 .debug_str     0x00002619      0x260 CMakeFiles/4_1_OLDE.elf.dir/Drivers/User/OLED.c.obj
                                0x981 (size before relaxing)

.comment        0x00000000       0x49
 .comment       0x00000000       0x49 CMakeFiles/4_1_OLDE.elf.dir/Core/Src/gpio.c.obj
                                 0x4a (size before relaxing)
 .comment       0x00000049       0x4a CMakeFiles/4_1_OLDE.elf.dir/Core/Src/i2c.c.obj
 .comment       0x00000049       0x4a CMakeFiles/4_1_OLDE.elf.dir/Core/Src/main.c.obj
 .comment       0x00000049       0x4a CMakeFiles/4_1_OLDE.elf.dir/Core/Src/stm32f4xx_hal_msp.c.obj
 .comment       0x00000049       0x4a CMakeFiles/4_1_OLDE.elf.dir/Core/Src/stm32f4xx_it.c.obj
 .comment       0x00000049       0x4a CMakeFiles/4_1_OLDE.elf.dir/Core/Src/system_stm32f4xx.c.obj
 .comment       0x00000049       0x4a CMakeFiles/4_1_OLDE.elf.dir/Drivers/STM32F4xx_HAL_Driver/Src/stm32f4xx_hal.c.obj
 .comment       0x00000049       0x4a CMakeFiles/4_1_OLDE.elf.dir/Drivers/STM32F4xx_HAL_Driver/Src/stm32f4xx_hal_cortex.c.obj
 .comment       0x00000049       0x4a CMakeFiles/4_1_OLDE.elf.dir/Drivers/STM32F4xx_HAL_Driver/Src/stm32f4xx_hal_gpio.c.obj
 .comment       0x00000049       0x4a CMakeFiles/4_1_OLDE.elf.dir/Drivers/STM32F4xx_HAL_Driver/Src/stm32f4xx_hal_i2c.c.obj
 .comment       0x00000049       0x4a CMakeFiles/4_1_OLDE.elf.dir/Drivers/STM32F4xx_HAL_Driver/Src/stm32f4xx_hal_rcc.c.obj
 .comment       0x00000049       0x4a CMakeFiles/4_1_OLDE.elf.dir/Drivers/User/OLED.c.obj

.debug_frame    0x00000000     0x15d8
 .debug_frame   0x00000000       0x30 CMakeFiles/4_1_OLDE.elf.dir/Core/Src/gpio.c.obj
 .debug_frame   0x00000030       0x64 CMakeFiles/4_1_OLDE.elf.dir/Core/Src/i2c.c.obj
 .debug_frame   0x00000094       0x58 CMakeFiles/4_1_OLDE.elf.dir/Core/Src/main.c.obj
 .debug_frame   0x000000ec       0x28 CMakeFiles/4_1_OLDE.elf.dir/Core/Src/stm32f4xx_hal_msp.c.obj
 .debug_frame   0x00000114       0xa8 CMakeFiles/4_1_OLDE.elf.dir/Core/Src/stm32f4xx_it.c.obj
 .debug_frame   0x000001bc       0x30 CMakeFiles/4_1_OLDE.elf.dir/Core/Src/system_stm32f4xx.c.obj
 .debug_frame   0x000001ec      0x1ec CMakeFiles/4_1_OLDE.elf.dir/Drivers/STM32F4xx_HAL_Driver/Src/stm32f4xx_hal.c.obj
 .debug_frame   0x000003d8      0x148 CMakeFiles/4_1_OLDE.elf.dir/Drivers/STM32F4xx_HAL_Driver/Src/stm32f4xx_hal_cortex.c.obj
 .debug_frame   0x00000520       0xd8 CMakeFiles/4_1_OLDE.elf.dir/Drivers/STM32F4xx_HAL_Driver/Src/stm32f4xx_hal_gpio.c.obj
 .debug_frame   0x000005f8      0x970 CMakeFiles/4_1_OLDE.elf.dir/Drivers/STM32F4xx_HAL_Driver/Src/stm32f4xx_hal_i2c.c.obj
 .debug_frame   0x00000f68      0x16c CMakeFiles/4_1_OLDE.elf.dir/Drivers/STM32F4xx_HAL_Driver/Src/stm32f4xx_hal_rcc.c.obj
 .debug_frame   0x000010d4      0x2b8 CMakeFiles/4_1_OLDE.elf.dir/Drivers/User/OLED.c.obj
 .debug_frame   0x0000138c       0x2c c:/progra~2/gnuarm~1/102021~1.10/bin/../lib/gcc/arm-none-eabi/10.3.1/thumb/v7e-m/nofp\libgcc.a(_aeabi_uldivmod.o)
 .debug_frame   0x000013b8       0x34 c:/progra~2/gnuarm~1/102021~1.10/bin/../lib/gcc/arm-none-eabi/10.3.1/thumb/v7e-m/nofp\libgcc.a(_udivmoddi4.o)
 .debug_frame   0x000013ec       0x2c c:/progra~2/gnuarm~1/102021~1.10/bin/../lib/gcc/arm-none-eabi/10.3.1/../../../../arm-none-eabi/lib/thumb/v7e-m/nofp\libg.a(lib_a-init.o)
 .debug_frame   0x00001418       0x2c c:/progra~2/gnuarm~1/102021~1.10/bin/../lib/gcc/arm-none-eabi/10.3.1/../../../../arm-none-eabi/lib/thumb/v7e-m/nofp\libg.a(lib_a-memset.o)
 .debug_frame   0x00001444       0x5c c:/progra~2/gnuarm~1/102021~1.10/bin/../lib/gcc/arm-none-eabi/10.3.1/../../../../arm-none-eabi/lib/thumb/v7e-m/nofp\libg.a(lib_a-__call_atexit.o)
 .debug_frame   0x000014a0       0x20 c:/progra~2/gnuarm~1/102021~1.10/bin/../lib/gcc/arm-none-eabi/10.3.1/../../../../arm-none-eabi/lib/thumb/v7e-m/nofp\libg.a(lib_a-atexit.o)
 .debug_frame   0x000014c0       0x34 c:/progra~2/gnuarm~1/102021~1.10/bin/../lib/gcc/arm-none-eabi/10.3.1/../../../../arm-none-eabi/lib/thumb/v7e-m/nofp\libg.a(lib_a-fini.o)
 .debug_frame   0x000014f4       0xb0 c:/progra~2/gnuarm~1/102021~1.10/bin/../lib/gcc/arm-none-eabi/10.3.1/../../../../arm-none-eabi/lib/thumb/v7e-m/nofp\libg.a(lib_a-lock.o)
 .debug_frame   0x000015a4       0x34 c:/progra~2/gnuarm~1/102021~1.10/bin/../lib/gcc/arm-none-eabi/10.3.1/../../../../arm-none-eabi/lib/thumb/v7e-m/nofp\libg.a(lib_a-__atexit.o)

.debug_loc      0x00000000     0x6740
 .debug_loc     0x00000000       0x67 CMakeFiles/4_1_OLDE.elf.dir/Core/Src/i2c.c.obj
 .debug_loc     0x00000067      0x158 CMakeFiles/4_1_OLDE.elf.dir/Core/Src/system_stm32f4xx.c.obj
 .debug_loc     0x000001bf      0x141 CMakeFiles/4_1_OLDE.elf.dir/Drivers/STM32F4xx_HAL_Driver/Src/stm32f4xx_hal.c.obj
 .debug_loc     0x00000300      0x744 CMakeFiles/4_1_OLDE.elf.dir/Drivers/STM32F4xx_HAL_Driver/Src/stm32f4xx_hal_cortex.c.obj
 .debug_loc     0x00000a44      0x520 CMakeFiles/4_1_OLDE.elf.dir/Drivers/STM32F4xx_HAL_Driver/Src/stm32f4xx_hal_gpio.c.obj
 .debug_loc     0x00000f64     0x41b6 CMakeFiles/4_1_OLDE.elf.dir/Drivers/STM32F4xx_HAL_Driver/Src/stm32f4xx_hal_i2c.c.obj
 .debug_loc     0x0000511a      0x58c CMakeFiles/4_1_OLDE.elf.dir/Drivers/STM32F4xx_HAL_Driver/Src/stm32f4xx_hal_rcc.c.obj
 .debug_loc     0x000056a6     0x109a CMakeFiles/4_1_OLDE.elf.dir/Drivers/User/OLED.c.obj
